// Vitest Snapshot v1, https://vitest.dev/guide/snapshot.html

exports[`MainView > renders correctly visually 1`] = `
<div>
  
  <div
    class="py-6"
    data-v-bf5eacc9=""
  >
    <div
      class="max-w-7xl mx-auto px-4 sm:px-6 lg:px-8 relative"
      data-v-bf5eacc9=""
    >
      <!-- Scoreboard in upper left corner, hidden on small screens -->
      <!-- Removed scoreboard-top-left div as requested -->
      <div
        class="text-center mb-8"
        data-v-bf5eacc9=""
      >
        <h1
          class="text-4xl font-extrabold text-gray-900 sm:text-5xl sm:tracking-tight lg:text-6xl"
          data-v-bf5eacc9=""
        >
           Stock Pick Game 
        </h1>
        <p
          class="mt-5 max-w-xl mx-auto text-xl text-gray-500"
          data-v-bf5eacc9=""
        >
           Make your weekly stock predictions and compete with others! 
        </p>
        <!--v-if-->
      </div>
      <!-- Login Modal -->
      <div
        data-v-bf5eacc9=""
      >
        <!-- Winner Banner (weekend only) -->
        <!--v-if-->
        <!-- Current Week at the top -->
        <div
          class="bg-white shadow-lg rounded-lg mb-10 border-2 border-blue-200"
          data-v-bf5eacc9=""
        >
          <div
            class="px-4 py-5 sm:px-6 border-b border-blue-100 flex justify-between items-center bg-blue-50 rounded-t-lg"
            data-v-bf5eacc9=""
          >
            <div
              data-v-bf5eacc9=""
            >
              <h3
                class="text-2xl leading-6 font-bold text-blue-900"
                data-v-bf5eacc9=""
              >
                Current Week
              </h3>
              <p
                class="mt-1 text-md text-blue-700 font-semibold"
                data-v-bf5eacc9=""
              >
                 - 
              </p>
              <div
                class="text-blue-700 font-bold mt-1 text-lg"
                data-v-bf5eacc9=""
              >
                Week 
              </div>
            </div>
            <!--v-if-->
          </div>
          <div
            class="px-4 py-5 sm:p-6"
            data-v-bf5eacc9=""
          >
            <!-- Current week pick form (Monday 00:00 to Friday close) -->
            <!--v-if-->
            <!--v-if-->
            <!--v-if-->
            <!--v-if-->
            <div
              class="grid grid-cols-1 gap-6 sm:grid-cols-2 lg:grid-cols-3"
              data-v-bf5eacc9=""
            >
              
              
            </div>
          </div>
        </div>
        <!-- Next Week Pick Box -->
        <!--v-if-->
        <!--v-if-->
        <!-- Scoreboard below next week pick, above history -->
        <div
          class="scoreboard-main mb-8"
          data-v-bf5eacc9=""
        >
          <div
            class="flex gap-1 justify-center"
            data-v-bf5eacc9=""
          >
            
            
          </div>
          <div
            class="mt-1 text-center"
            data-v-bf5eacc9=""
          >
            <a
              class="scoreboard-link"
              data-v-bf5eacc9=""
            >
              
              View Stats
              
            </a>
          </div>
        </div>
        <!-- History: only show weeks that have ended (endDate in the past and/or winner assigned) -->
        <div
          data-v-bf5eacc9=""
        >
          <h2
            class="text-2xl font-bold mb-4"
            data-v-bf5eacc9=""
          >
            History
          </h2>
          <div
            data-v-bf5eacc9=""
          >
            Debug: 0 completed weeks
          </div>
          <div
            class="text-gray-500 text-center mb-8"
            data-v-bf5eacc9=""
          >
            No history yet. Completed weeks will appear here.
          </div>
          
          
        </div>
      </div>
    </div>
  </div>
  <div
    data-v-bf5eacc9=""
    style="margin-top: 3rem;"
  />
  <button
    data-v-bf5eacc9=""
    style="margin-bottom: 1rem; padding: 0.5rem 1.2rem; background: rgb(24, 144, 255); color: white; border-radius: 6px; font-size: 1rem; cursor: pointer;"
  >
    Copy Debug Info
  </button>
  <!--v-if-->
  <div
    class="debug-box"
    data-v-bf5eacc9=""
    style="background: rgb(255, 251, 230); border: 1px solid rgb(255, 229, 143); padding: 1rem; margin-bottom: 1rem; border-radius: 8px; font-size: 0.95rem;"
  >
    <b
      data-v-bf5eacc9=""
    >
      DEBUG INFO
    </b>
    <br
      data-v-bf5eacc9=""
    />
    <div
      data-v-bf5eacc9=""
    >
      Current Time: Mon Mar 18 2024 08:00:00 GMT-0400 (Eastern Daylight Time)
    </div>
    <div
      data-v-bf5eacc9=""
    >
      Username: 
    </div>
    <div
      data-v-bf5eacc9=""
    >
      isAuthenticated: false
    </div>
    <div
      data-v-bf5eacc9=""
    >
      currentWeek.startDate: 
    </div>
    <div
      data-v-bf5eacc9=""
    >
      currentWeek.endDate: 
    </div>
    <div
      data-v-bf5eacc9=""
    >
      alreadyPicked: 
    </div>
    <div
      data-v-bf5eacc9=""
    >
      canPickCurrentWeek: false
    </div>
  </div>
  <div
    class="debug-box"
    data-v-bf5eacc9=""
    style="background: rgb(230, 247, 255); border: 1px solid rgb(145, 213, 255); padding: 1rem; margin-bottom: 1rem; border-radius: 8px; font-size: 0.95rem;"
  >
    <b
      data-v-bf5eacc9=""
    >
      NEXT WEEK DEBUG
    </b>
    <br
      data-v-bf5eacc9=""
    />
    <div
      data-v-bf5eacc9=""
    >
      nextWeek.startDate: 
    </div>
    <div
      data-v-bf5eacc9=""
    >
      nextWeek.endDate: 
    </div>
    <div
      data-v-bf5eacc9=""
    >
      showNextWeekPickBox: false
    </div>
    <div
      data-v-bf5eacc9=""
    >
      userNextWeekPick: null
    </div>
    <div
      data-v-bf5eacc9=""
    >
      nextAvailableWeek.startDate: 
    </div>
  </div>
  
</div>
`;
